Word count = 794932
Average word length = 4.073
Number of words of length 1 is 20435
Number of words of length 2 is 131873
Number of words of length 3 is 221652
Number of words of length 4 is 175947
Number of words of length 5 is 95611
Number of words of length 6 is 52751
Number of words of length 7 is 40721
Number of words of length 8 is 24880
Number of words of length 9 is 16685
Number of words of length 10 is 7499
Number of words of length 11 is 3840
Number of words of length 12 is 1704
Number of words of length 13 is 875
Number of words of length 14 is 350
Number of words of length 15 is 88
Number of words of length 16 is 15
Number of words of length 17 is 4
Number of words of length 18 is 2
The most frequently occurring word length is 221652, for word lengths of 3
